#-----------------------------------------------------------
# Vivado Lab Edition v2025.2 (64-bit)
# SW Build 6299465 on Fri Nov 14 10:01:48 MST 2025
# 
# 
# Start of session at: Thu Sep  3 17:40:49 2026
# Process ID         : 1230017
# Current directory  : /home/bnl-wib/Documents/WTS_BNL
# Command line       : vivado_lab -mode batch -source file/eyeScan.tcl
# Log file           : /home/bnl-wib/Documents/WTS_BNL/vivado_lab.log
# Journal file       : /home/bnl-wib/Documents/WTS_BNL/vivado_lab.jou
# Running On         : bnl-wib
# Platform           : Ubuntu
# Operating System   : Ubuntu 24.04.2 LTS
# Processor Detail   : Intel(R) Core(TM) i7-7700K CPU @ 4.20GHz
# CPU Frequency      : 4500.994 MHz
# CPU Physical cores : 4
# CPU Logical cores  : 8
# Host memory        : 16619 MB
# Swap memory        : 4294 MB
# Total Virtual      : 20914 MB
# Available Virtual  : 12638 MB
#-----------------------------------------------------------
source file/eyeScan.tcl
# set output_dir $::env(EYE_SCAN_OUTPUT_DIR)
# puts "Eye scan output directory: $output_dir"
Eye scan output directory: /home/bnl-wib/Documents/WIB_QC/BNL_WIB_V3_I0-1750-1-F_00002_09_03_2026_16_46/Test07_IBERT
# open_hw_manager
# connect_hw_server
INFO: [Labtools 27-2285] Connecting to hw_server url TCP:localhost:3121
INFO: [Labtools 27-3415] Connecting to cs_server url TCP:localhost:0
INFO: [Labtools 27-3417] Launching cs_server...
INFO: [Labtools 27-2221] Launch Output:


******** Xilinx cs_server v2025.2.0
  ****** Build date   : Nov 13 2025-18:16:52
    **** Build number : 2025.2.1763075812
      ** Copyright 2017-2022 Xilinx, Inc. All Rights Reserved.
      ** Copyright 2022-2026 Advanced Micro Devices, Inc. All Rights Reserved.



# open_hw
WARNING: 'open_hw' is deprecated, please use 'open_hw_manager' instead.
# open_hw_target
INFO: [Labtoolstcl 44-466] Opening hw_target localhost:3121/xilinx_tcf/Digilent/210249A74687
# set device [lindex [get_hw_devices] 0]
# refresh_hw_device $device
INFO: [Labtools 27-2302] Device xczu6 (JTAG device index = 0) is programmed with a design that has 1 IBERT core(s).
# refresh_hw_device [lindex [get_hw_devices] 0]
INFO: [Labtools 27-2302] Device xczu6 (JTAG device index = 0) is programmed with a design that has 1 IBERT core(s).
# set tx0 [lindex [get_hw_sio_txs] 0]
# set rx0 [lindex [get_hw_sio_rxs] 0]
# set link0 [create_hw_sio_link $tx0 $rx0]
# set_property DESCRIPTION {Link 0} [get_hw_sio_links $link0]
# set_property LOOPBACK "None" $link0
# commit_hw_sio $link0
# set scan0 [create_hw_sio_scan -description {Scan 0} 2d_full_eye [get_hw_sio_rxs -of $link0]]
# run_hw_sio_scan [get_hw_sio_scans $scan0]
# after 10000
# write_hw_sio_scan -force "$output_dir/scan00_X0Y4.csv" [get_hw_sio_scans {SCAN_0}]
# refresh_hw_device [lindex [get_hw_devices] 1]
# set tx1 [lindex [get_hw_sio_txs] 1]
# set rx1 [lindex [get_hw_sio_rxs] 1]
# set link1 [create_hw_sio_link $tx1 $rx1]
# set_property DESCRIPTION {Link 1} [get_hw_sio_links $link1]
# set_property LOOPBACK "None" $link1
# commit_hw_sio $link1
ERROR: [Labtools 27-1886] New commands cannot be processed until the current command is complete.
INFO: [Common 17-206] Exiting vivado_lab at Thu Sep  3 17:41:06 2026...
